GowinSynthesis start
Running parser ...
Analyzing Verilog file 'C:\Users\BEK\repos\PixelPipe\fpga\IMG_FILTER_DISPLAY\src\DEMO_V01_TOP.sv'
Undeclared symbol 'sys_clk', assumed default net type 'wire'("C:\Users\BEK\repos\PixelPipe\fpga\IMG_FILTER_DISPLAY\src\DEMO_V01_TOP.sv":68)
Analyzing Verilog file 'C:\Users\BEK\repos\PixelPipe\fpga\IMG_FILTER_DISPLAY\src\dvi_tx\dvi_tx.v'
Analyzing Verilog file 'C:\Users\BEK\repos\PixelPipe\fpga\IMG_FILTER_DISPLAY\src\gowin_clkdiv\gowin_clkdiv.v'
Analyzing Verilog file 'C:\Users\BEK\repos\PixelPipe\fpga\IMG_FILTER_DISPLAY\src\gowin_prom\gowin_prom.v'
Analyzing Verilog file 'C:\Users\BEK\repos\PixelPipe\fpga\IMG_FILTER_DISPLAY\src\gowin_rpll_21\gowin_rpll_21.v'
Analyzing Verilog file 'C:\Users\BEK\repos\PixelPipe\fpga\IMG_FILTER_DISPLAY\src\loader.sv'
Analyzing Verilog file 'C:\Users\BEK\repos\PixelPipe\fpga\IMG_FILTER_DISPLAY\src\tmds_rPLL\tmds_rPLL.v'
Compiling module 'DEMO_V01_TOP'("C:\Users\BEK\repos\PixelPipe\fpga\IMG_FILTER_DISPLAY\src\DEMO_V01_TOP.sv":1)
Compiling module 'Gowin_rPLL_21'("C:\Users\BEK\repos\PixelPipe\fpga\IMG_FILTER_DISPLAY\src\gowin_rpll_21\gowin_rpll_21.v":10)
Compiling module 'tmds_rPLL'("C:\Users\BEK\repos\PixelPipe\fpga\IMG_FILTER_DISPLAY\src\tmds_rPLL\tmds_rPLL.v":10)
Compiling module 'loader'("C:\Users\BEK\repos\PixelPipe\fpga\IMG_FILTER_DISPLAY\src\loader.sv":1)
Extracting RAM for identifier 'mem'("C:\Users\BEK\repos\PixelPipe\fpga\IMG_FILTER_DISPLAY\src\loader.sv":112)
Compiling module 'Gowin_pROM'("C:\Users\BEK\repos\PixelPipe\fpga\IMG_FILTER_DISPLAY\src\gowin_prom\gowin_prom.v":10)
Compiling module 'DVI_TX_Top'("C:\Users\BEK\repos\PixelPipe\fpga\IMG_FILTER_DISPLAY\src\dvi_tx\dvi_tx.v":1072)
Compiling module '**'("C:\Users\BEK\repos\PixelPipe\fpga\IMG_FILTER_DISPLAY\src\dvi_tx\dvi_tx.v":1071)
NOTE  (EX0101) : Current top module is "DEMO_V01_TOP"
[5%] Running netlist conversion ...
Running device independent optimization ...
[10%] Optimizing Phase 0 completed
[15%] Optimizing Phase 1 completed
[25%] Optimizing Phase 2 completed
Running inference ...
[30%] Inferring Phase 0 completed
[40%] Inferring Phase 1 completed
[50%] Inferring Phase 2 completed
[55%] Inferring Phase 3 completed
Running technical mapping ...
[60%] Tech-Mapping Phase 0 completed
[65%] Tech-Mapping Phase 1 completed
[75%] Tech-Mapping Phase 2 completed
[80%] Tech-Mapping Phase 3 completed
[90%] Tech-Mapping Phase 4 completed
[95%] Generate netlist file "C:\Users\BEK\repos\PixelPipe\fpga\IMG_FILTER_DISPLAY\impl\gwsynthesis\IMG_FILTER_DISPLAY.vg" completed
[100%] Generate report file "C:\Users\BEK\repos\PixelPipe\fpga\IMG_FILTER_DISPLAY\impl\gwsynthesis\IMG_FILTER_DISPLAY_syn.rpt.html" completed
GowinSynthesis finish
